should match snapshot:
  1: |
    apiVersion: v1
    automountServiceAccountToken: true
    kind: ServiceAccount
    metadata:
      labels:
        app.kubernetes.io/instance: RELEASE-NAME
        app.kubernetes.io/managed-by: Helm
        app.kubernetes.io/name: octopus-agent
        helm.sh/chart: kubernetes-agent-2.11.3
        app.kubernetes.io/version: 8.3.2757
      name: octopus-agent-auto-upgrader
      namespace: NAMESPACE
